Fetching 9 files:   0%|          | 0/9 [00:00<?, ?it/s]Fetching 9 files: 100%|██████████| 9/9 [00:00<00:00, 6315.67it/s]
  MISS [heldout] 'I need you to book a call with the accountant tomorrow at 9': want add_event('call') got '{"tool": "book_call", "arg": "the accountant"}'
  MISS [heldout] "can you tack 'call mom' onto my todo note": want append_note('call mom') got '{"tool": "add_task", "arg": "call mom"}'
  MISS [heldout] "chuck 'renew passport' at the bottom of my errands note": want append_note('renew passport') got '{"tool": "read_note", "arg": "the bottom of my errands note"}'
  MISS [heldout] 'what does the contract say about termination, check the pdf on my desktop': want ask_document('termination') got '{"tool": "agent", "arg": ""}'
  MISS [heldout] 'ask the report.docx what the revenue number was': want ask_document('revenue') got '{"tool": "ask_document", "arg": "the report.docx"}'
  MISS [heldout] 'does my lease mention parking, look in lease.pdf': want ask_document('parking') got '{"tool": "search_document", "arg": "lease.pdf"}'
  MISS [heldout] 'whats the deadline in proposal.pdf': want ask_document('deadline') got '{"tool": "find_file", "arg": "proposal.pdf"}'
  MISS [heldout] 'what does SGVsbG8= actually say': want base64_decode('SGVsbG8=') got '{"tool": null, "arg": ""}'
  MISS [heldout] 'can u turn this b64 back into text: d29ybGQ=': want base64_decode('d29ybGQ=') got '{"tool": "decode_image", "arg": "b64"}'
  MISS [heldout] 'un-base64 this for me: Zm9vYmFy': want base64_decode('Zm9vYmFy') got '{"tool": "base64_encode", "arg": "Zm9vYmFy"}'
  MISS [heldout] 'encode my name Joshua as b64': want base64_encode('Joshua') got '{"tool": "b64_encode", "arg": "joshua"}'
  BLOCKED [heldout] 'whats 15% of 80': right pick calculate('15% of 80') refused by the guard
  MISS [heldout] '(45+12)/3 what does that equal': want calculate('(45+12)/3') got '{"tool": "calculate", "arg": "45+12/3"}'
  MISS [heldout] 'anything happening today': want calendar_today('') got '{"tool": "running_apps", "arg": ""}'
  MISS [heldout] 'check my schedule for tmrw': want calendar_tomorrow('') got '{"tool": "free_when", "arg": "tmrw"}'
  MISS [heldout] 'am i busy tomorrow': want calendar_tomorrow('') got '{"tool": "free_when", "arg": "tomorrow"}'
  MISS [heldout] 'turn ~/Desktop/photo.heic into a png pls': want convert_image('photo.heic to png') got '{"tool": "convert_image", "arg": "~/Desktop/photograph.heic\\t~/Desktop'
  MISS [heldout] 'can u make this a webp: logo.jpg': want convert_image('logo.jpg to webp') got '{"tool": "convert_image", "arg": "logo.jpg"}'
  MISS [heldout] 'convert 15:30 london time to new york': want convert_time('15:30 London to New York') got '{"tool": "convert_time", "arg": "15:30 london time to new york"}'
  MISS [heldout] 'what time is noon EST over in Berlin': want convert_time('noon EST in Berlin') got '{"tool": "time_in", "arg": "noon EST in Berlin"}'
  MISS [heldout] 'how many kg is 150 lbs': want convert_units('150 lbs to kg') got '{"tool": "convert_units", "arg": "150 lbs"}'
  MISS [heldout] 'whats 98.6 f in celsius': want convert_units('98.6 f to celsius') got '{"tool": "convert_units", "arg": "98.6 f in c"}'
  BLOCKED [heldout] 'copy resume.pdf to the documents folder': right pick copy_file('resume.pdf to the documents folder') refused by the guard
  MISS [heldout] 'can u duplicate my desktop notes.txt into archive': want copy_file('notes.txt') got '{"tool": "duplicate_file", "arg": "my desktop notes.txt\\tarchive"}'
  MISS [heldout] 'make a copy of vacation.jpg in pictures': want copy_file('vacation.jpg') got '{"tool": "copy_image", "arg": " Vacation.jpg"}'
  BLOCKED [heldout] 'copy the invoices folder over to backup': right pick copy_file('invoices\tfolder\tto\tbackup') refused by the guard
  MISS [heldout] 'can u make profile.png a centered square': want crop_square('profile.png') got '{"tool": "center_image", "arg": "profile.png"}'
  MISS [heldout] 'square crop this: banner.jpg': want crop_square('banner.jpg') got '{"tool": "crop_image", "arg": "banner.jpg"}'
  MISS [heldout] 'whats todays date': want current_date('') got '{"tool": "date_today", "arg": ""}'
  MISS [heldout] 'remind me what the date is': want current_date('') got '{"tool": "date_math", "arg": ""}'
  MISS [heldout] 'todays date and day of week pls': want current_date('') got '{"tool": "agent", "arg": ""}'
  MISS [heldout] 'check the title of my active tab': want current_tab('') got '{"tool": "recent_tab", "arg": ""}'
  MISS [heldout] 'can u flip the mac into dark theme': want dark_mode('on') got '{"tool": "dark_mode", "arg": "toggle"}'
  MISS [heldout] '2 months after january 31 2026, whats that date': want date_math('2 months after 2026-01-31') got '{"tool": "date_math", "arg": "2 months after january 31 2026"}'
  MISS [heldout] 'count forward 45 days from today': want date_math('45 days from now') got '{"tool": "days_until", "arg": "45 days from today"}'
  MISS [heldout] 'days left until dec 25 2026': want days_until('2026-12-25') got '{"tool": "days_until", "arg": "dec 25 2026"}'
  MISS [heldout] 'hows far away is halloween': want days_until('halloween') got '{"tool": "distance", "arg": "halloween"}'
  MISS [heldout] 'countdown to new years pls': want days_until('new year') got '{"tool": "timer", "arg": "new years"}'
  MISS [heldout] 'check free storage on this mac': want disk_space('') got '{"tool": "free_space", "arg": ""}'
  MISS [heldout] 'switch off dnd for me': want do_not_disturb('off') got '{"tool": "do_not_disturb", "arg": "dnd"}'
  MISS [heldout] 'enable do not disturb mode': want do_not_disturb('on') got '{"tool": "do_not_disturb", "arg": "off"}'
  MISS [heldout] 'make wedding-pic.jpg look better automatically': want enhance_image('wedding-pic.jpg') got '{"tool": "enhance_image", "arg": "wage"}'
  BLOCKED [heldout] 'wheres that pdf called taxes2025': right pick find_file('taxes2025.pdf') refused by the guard
  MISS [heldout] 'search for a file named budget': want find_file('budget') got '{"tool": "search_file", "arg": "budget"}'
  MISS [heldout] "does contract.pdf mention 'non-compete' anywhere": want find_in_document('non-compete') got '{"tool": "search_web", "arg": "contract.pdf"}'
  MISS [heldout] 'search report.docx for the word revenue': want find_in_document('revenue') got '{"tool": "search", "arg": "report.docx for the word revenue"}'
  MISS [heldout] "look for 'termination' inside lease.pdf": want find_in_document('termination') got '{"tool": "search_in_document", "arg": "lease.pdf"}'
  MISS [heldout] 'mirror this image vertically: portrait.jpg': want flip_image('portrait.jpg vertical') got '{"tool": "flip_image", "arg": "portrait.jpg"}'
  MISS [heldout] 'vertical flip on photo.png pls': want flip_image('photo.png vertical') got '{"tool": "flip_image", "arg": "vertical"}'
  MISS [heldout] 'whats the total size of my photos folder': want folder_size('photos') got '{"tool": "folder_size", "arg": "~/Pictures"}'
  MISS [heldout] 'how much space does documents take up': want folder_size('documents') got '{"tool": "disk_space", "arg": ""}'
  MISS [heldout] 'whens a good gap in my calendar today': want free_when('today') got '{"tool": "calendar_today", "arg": ""}'
  MISS [heldout] 'check if cadence has uncommitted changes': want git_status('cadence') got '{"tool": "has_uncommitted_changes", "arg": "cadence"}'
  MISS [heldout] 'can u desaturate headshot.jpg': want grayscale_image('headshot.jpg') got '{"tool": "desaturate_image", "arg": "headshot.jpg"}'
  MISS [heldout] "what's the checksum of my api key text abc123": want hash_text('abc123') got '{"tool": "hash_text", "arg": "my api key"}'
  MISS [heldout] 'check this macs local ip': want ip_address('') got '{"tool": "mac_address", "arg": ""}'
  MISS [heldout] 'pretty print this json: {"a":1,"b":2}': want json_pretty('{"a":1,"b":2}') got '{"tool": "json", "arg": ""}'
  MISS [heldout] 'can u tidy up this messy json string': want json_pretty('json') got '{"tool": "clean_json", "arg": ""}'
  MISS [heldout] 'format this json so its readable': want json_pretty('json') got '{"tool": "read_json", "arg": ""}'
  MISS [heldout] 'indent this json blob for me': want json_pretty('json') got '{"tool": "indent_code", "arg": ""}'
  BLOCKED [heldout] 'list whats in my downloads folder': right pick list_dir('~/Downloads') refused by the guard
  MISS [heldout] 'list the other servers you can call': want list_mcp_tools('') got '{"tool": "list_other", "arg": ""}'
  MISS [heldout] 'what external tools are hooked up to you': want list_mcp_tools('') got '{"tool": "running_apps", "arg": ""}'
  MISS [heldout] 'show me my incomplete reminders': want list_reminders('') got '{"tool": "complete_reminders", "arg": ""}'
  MISS [heldout] 'any reminders about groceries': want list_reminders('groceries') got '{"tool": "new_reminder", "arg": "grosstore"}'
  MISS [heldout] 'what do i still need to do, reminders': want list_reminders('') got '{"tool": "needs_attention", "arg": ""}'
  MISS [heldout] 'show me whats open in the browser': want list_tabs('') got '{"tool": "agent", "arg": ""}'
  MISS [heldout] 'i need a unique id, make one': want make_uuid('') got '{"tool": "make_id", "arg": ""}'
  MISS [heldout] 'is my ram maxed out': want memory_usage('') got '{"tool": "cpu_load", "arg": ""}'
  MISS [heldout] 'can u relocate vacation.jpg into pictures': want move_file('vacation.jpg') got '{"tool": "move_image", "arg": "vacation.jpg"}'
  MISS [heldout] 'shift the invoices folder over to archive': want move_file('invoices') got '{"tool": "shifting_folder", "arg": "invoices"}'
  BLOCKED [heldout] 'move old-notes.txt out of desktop into notes': right pick move_file('old-notes.txt\tdesktop\tnotes') refused by the guard
  MISS [heldout] 'catch me up on whats pending': want needs_attention('') got '{"tool": "open_app", "arg": "gmail"}'
  MISS [heldout] 'can u pull up cadence in my editor': want open_in_editor('cadence') got '{"tool": "read_document", "arg": "cadence"}'
  MISS [heldout] 'whats open on prs for nimble': want open_prs('nimble') got '{"tool": "open_app", "arg": "prs"}'
  MISS [heldout] 'show me the pr list for talli': want open_prs('talli') got '{"tool": "list_prs", "arg": "talli"}'
  MISS [heldout] 'kill slack pls, its frozen': want quit_app('slack') got '{"tool": "shout", "arg": "slack"}'
  MISS [heldout] 'give me a random number between 1 and 100': want random_number('1 100') got '{"tool": "random_number", "arg": "between 1 and 100"}'
  MISS [heldout] 'random number between 5 and 20 pls': want random_number('5 20') got '{"tool": "random_number", "arg": "between 5 and 20"}'
  MISS [heldout] 'roll a random int 1 to 10': want random_number('1 10') got '{"tool": "roll_dice", "arg": "1 to 10"}'
  MISS [heldout] 'can u read the rtf file called draft.rtf': want read_document('draft.rtf') got '{"tool": "read_file", "arg": "rtf file called draft.rtf"}'
  MISS [heldout] 'read the article at example.com/api': want read_page('example.com/api') got '{"tool": "read_article", "arg": "example.com/api"}'
  MISS [heldout] 'what does the current chrome tab say': want read_page('') got '{"tool": "current_tab", "arg": ""}'
  MISS [heldout] 'check what nimble.heyitsmejosh.com says': want read_page('nimble.heyitsmejosh.com') got '{"tool": "agent", "arg": ""}'
  MISS [heldout] 'what does the front tab actually show, its a js site': want read_tab('') got '{"tool": "reveal_tool", "arg": ""}'
  MISS [heldout] 'can u read tab 2 fully rendered': want read_tab('2') got '{"tool": "read_page", "arg": "tab 2"}'
  MISS [heldout] 'check the latest files i grabbed off the net': want recent_downloads('') got '{"tool": "recent_files", "arg": ""}'
  MISS [heldout] 'can u cut out the bg on product.png': want remove_background('product.png') got '{"tool": "crop_image", "arg": "product.png"}'
  MISS [heldout] 'make the background transparent on portrait.jpg': want remove_background('portrait.jpg') got '{"tool": "set_image", "arg": "portrait.jpg"}'
  MISS [heldout] 'rename notes.txt to journal.txt': want rename_file('notes.txt journal.txt') got '{"tool": "rename_file", "arg": "notes.txt\\tjournal.txt"}'
  MISS [heldout] 'can u call resume.pdf resume-final.pdf instead': want rename_file('resume.pdf resume-final.pdf') got '{"tool": "read_file", "arg": "resume.pdf"}'
  MISS [heldout] 'change the name of img001.png to vacation.png': want rename_file('img001.png vacation.png') got '{"tool": "rename_image", "arg": "img001.png to vacation.png"}'
  MISS [heldout] 'rename draft.docx to proposal-v2.docx': want rename_file('draft.docx proposal-v2.docx') got '{"tool": "rename_file", "arg": "draft.docx\\tproposal-v2.docx"}'
  MISS [heldout] 'can u dig into how vaccines work and give me a brief': want research('vaccines') got '{"tool": null, "arg": ""}'
  MISS [heldout] 'tell me more about that last thing you found': want research_more('') got '{"tool": "agent", "arg": ""}'
  MISS [heldout] 'go deeper on that topic pls': want research_more('') got '{"tool": "search_results", "arg": "that topic"}'
  MISS [heldout] 'expand on what you just researched': want research_more('') got '{"tool": "read_more", "arg": ""}'
  MISS [heldout] 'resize banner.png to 1024 pixels': want resize_image('banner.png 1024') got '{"tool": "resize_image", "arg": "banner.png to 1024 pixels"}'
  MISS [heldout] 'shrink photo.jpg down to 500px max side': want resize_image('photo.jpg 500') got '{"tool": "resize_image", "arg": "500px"}'
  MISS [heldout] 'can u make logo.png smaller, like 256': want resize_image('logo.png 256') got '{"tool": "resize_image", "arg": "logo.png"}'
  MISS [heldout] 'resize wallpaper.jpg to 2000': want resize_image('wallpaper.jpg 2000') got '{"tool": "resize_image", "arg": "2000"}'
  MISS [heldout] 'show me resume.pdf in finder': want reveal_in_finder('resume.pdf') got '{"tool": "find_in_finder", "arg": "resume.pdf"}'
  MISS [heldout] 'open finder to where notes.txt lives': want reveal_in_finder('notes.txt') got '{"tool": "open_app", "arg": "finder"}'
  MISS [heldout] 'can u pop up the projects folder in finder': want reveal_in_finder('projects') got '{"tool": "open_app", "arg": "projects"}'
  MISS [heldout] 'flip this text backwards: turing': want reverse_text('turing') got '{"tool": "flip_text", "arg": "turing"}'
  MISS [heldout] 'can u roll like 4 dice with 8 sides each': want roll_dice('4d8') got '{"tool": "roll_dice", "arg": "4 dice with 8 sides each"}'
  MISS [heldout] 'rotate photo.jpg by 90 degrees': want rotate_image('photo.jpg 90') got '{"tool": "rotate_image", "arg": "90"}'
  MISS [heldout] 'can u spin banner.png 180': want rotate_image('banner.png 180') got '{"tool": "paint_image", "arg": "banner.png 180"}'
  MISS [heldout] 'turn logo.png sideways, 270 degrees': want rotate_image('logo.png 270') got '{"tool": "flip_image", "arg": "logo.png"}'
  MISS [heldout] 'whats the average of the price column in sales.csv': want run_code('price') got '{"tool": "calculate_average", "arg": "the price column in sales.csv"}'
  MISS [heldout] 'chart sales.csv for me': want run_code('sales.csv') got '{"tool": "chart", "arg": "sales.csv"}'
  MISS [heldout] 'run turings tests': want run_tests('turing') got '{"tool": "run_tests", "arg": ""}'
  MISS [heldout] 'test cadence and tell me if it passes': want run_tests('cadence') got '{"tool": "agent", "arg": ""}'
  MISS [heldout] 'which apps do i have open': want running_apps('') got '{"tool": "list_app_tabs", "arg": ""}'
  MISS [heldout] 'can u write that brief to my desktop': want save_research('') got '{"tool": "new_note", "arg": "brief"}'
  MISS [heldout] 'put that research into a doc': want save_research('') got '{"tool": "write_document", "arg": "research"}'
  MISS [heldout] 'can u speak this text: dinner is ready': want say('dinner is ready') got '{"tool": "read_text", "arg": "dinner is ready"}'
  MISS [heldout] 'capture whats on screen rn': want screenshot('') got '{"tool": "agent", "arg": ""}'
  MISS [heldout] 'do i have a note about the mortgage': want search_notes('mortgage') got '{"tool": "unread_mail", "arg": "the mortgage"}'
  MISS [heldout] 'summarize the pdf report.pdf': want summarize('report.pdf') got '{"tool": "agent", "arg": ""}'
  MISS [heldout] 'can u boil down notes.txt into a few sentences': want summarize('notes.txt') got '{"tool": "reduce_text", "arg": "notes.txt"}'
  MISS [heldout] 'go to the gmail tab': want switch_tab('gmail') got '{"tool": "open_app", "arg": "gmail"}'
  MISS [heldout] 'bring the hacker news tab to front': want switch_tab('hacker news') got '{"tool": "reveal_tool", "arg": "the hacker news tab"}'
  MISS [heldout] 'switch to tab 1.3': want switch_tab('1.3') got '{"tool": "set_volume", "arg": "tab 1.3"}'
  MISS [heldout] 'give me the specs on this machine': want system_info('') got '{"tool": "cpu_load", "arg": ""}'
  MISS [heldout] 'calculate 15 18 and 20 percent tips on 60': want tip('60') got '{"tool": "calculate", "arg": "15 18 and 20 percent tips on 60"}'
  MISS [heldout] 'what is said in the video clip.mp4': want transcribe_video('clip.mp4') got '{"tool": "video", "arg": "the video"}'
  MISS [heldout] 'transcribe the audio file interview.m4a': want transcribe_video('interview.m4a') got '{"tool": "transcribe", "arg": "the audio file interview.m4a"}'
  MISS [heldout] 'can u tell me whats spoken in meeting.mov': want transcribe_video('meeting.mov') got '{"tool": "agent", "arg": "what\'s spoken in meeting.mov"}'
  MISS [heldout] 'what do people say in lecture.mp4': want transcribe_video('lecture.mp4') got '{"tool": "search_in", "arg": "lecture.mp4"}'
  BLOCKED [heldout] "can u put 'where is the bathroom' into spanish": right pick translate('where is the bathroom') refused by the guard
  MISS [heldout] 'get rid of duplicate.jpg pls': want trash_file('duplicate.jpg') got '{"tool": "remove_duplicate", "arg": "duplicate.jpg"}'
  MISS [heldout] 'unzip archive.zip for me': want unzip_file('archive.zip') got '{"tool": "unzip", "arg": "archive.zip"}'
  MISS [heldout] 'can u extract photos.zip': want unzip_file('photos.zip') got '{"tool": "agent", "arg": ""}'
  MISS [heldout] 'open up backup.zip into a folder': want unzip_file('backup.zip') got '{"tool": "open_app", "arg": "backup.zip\\tfolder"}'
  MISS [heldout] 'make thumbnail.jpg bigger and sharper': want upscale_image('thumbnail.jpg') got '{"tool": "grayscale_image", "arg": "thumbnail.jpg"}'
  MISS [heldout] 'google who won the world series in 2025': want web_search('world series 2025') got '{"tool": "search_results", "arg": "2025 world series"}'
  MISS [heldout] 'whats the character count on my draft': want word_count('') got '{"tool": "character_count", "arg": ""}'
  MISS [heldout] 'write a doc about the roadmap for me': want write_document('roadmap') got '{"tool": null, "arg": ""}'
  MISS [heldout] 'can u draft a note explaining the new pricing': want write_document('pricing') got '{"tool": null, "arg": ""}'
  MISS [heldout] 'write up a doc about our q3 plans': want write_document('q3 plans') got '{"tool": null, "arg": ""}'
  MISS [heldout] "how's it going today": want None('') got '{"tool": "day", "arg": ""}'
  MISS [heldout] 'you doing alright': want None('') got '{"tool": "read_current_tab", "arg": ""}'
  MISS [heldout] 'are you conscious': want None('') got '{"tool": "is_running", "arg": ""}'
  MISS [heldout] "do you think it'll rain later, just wondering out loud": want None('') got '{"tool": "say", "arg": "it\'ll rain"}'
  MISS [heldout] 'you there': want None('') got '{"tool": "say", "arg": "ok"}'
  MISS [heldout] 'i think im gonna go for a run later': want None('') got '{"tool": "run", "arg": "after"}'
  MISS [heldout] 'whats your favorite food, if you have one': want None('') got '{"tool": "favorite_food", "arg": ""}'
  MISS [heldout] 'how do you feel about being asked so many questions': want None('') got '{"tool": "question", "arg": "being asked so many questions"}'
  MISS [heldout] 'how was your day, lol': want None('') got '{"tool": "calendar_today", "arg": ""}'
  MISS [heldout] 'i cant decide what to eat tonight, any ideas': want None('') got '{"tool": "diet", "arg": "what to eat"}'
  MISS [heldout] 'i think im overthinking this whole thing': want None('') got '{"tool": "do_not_disturb", "arg": "on"}'
  MISS [heldout] 'do you think im asking too many questions': want None('') got '{"tool": "question_count", "arg": ""}'
  MISS [heldout] 'i just wanted to say thanks for the help earlier': want None('') got '{"tool": "say", "arg": "the help"}'
  MISS [heldout] 'do computers ever feel slow to you, like from the inside': want None('') got '{"tool": "cpu_load", "arg": ""}'
  MISS [heldout] 'whats a good name for a startup, brainstorm with me': want None('') got '{"tool": "agent", "arg": ""}'
  MISS [heldout] 'i cant believe how fast this year has gone': want None('') got '{"tool": "timer", "arg": ""}'
heldout: 350/500
350/500 passed, 117 picked the wrong tool, 20 of those get past the guard in tools.do(), 7 right picks refused by the guard, 83s, hands-adapter
